// Jest Snapshot v1, https://goo.gl/fbAQLP

exports[`Expect to render Card component 1`] = `ShallowWrapper {}`;
