// Jest Snapshot v1, https://goo.gl/fbAQLP

exports[`Expect to render CounterButton 1`] = `ShallowWrapper {}`;
